*** EVALUATION ************************************************************************************************
*********************************************************************************************
LINKING FAILED
The linking process failed in some stage.
Depending on the phase the linker failed, part of the information contained in this map file may be inaccurate or wrong.
If the linking failed before the allocation phase finished, then the addresses might be inaccurate.
Also summary information like the code size is likely to be misleading.
---------------------------------------------------------------------------------------------
---------------------------------------------------------------------------------------------

PROGRAM "SensordeLLuvia.abs"

*********************************************************************************************
TARGET SECTION
---------------------------------------------------------------------------------------------
Processor   : Freescale HC08
Memory Model: SMALL
File Format : ELF (no debug info)
Linker      : SmartLinker V-5.0.51 Build 14019, Jan 20 2014

*********************************************************************************************
FILE SECTION
---------------------------------------------------------------------------------------------
asm_main_asm.obj                        Model: SMALL,         Lang: Assembler
main_c.obj                              Model: SMALL,         Lang: ANSI-C
start08_c.obj                           Model: SMALL,         Lang: ANSI-C
mc9s08qg8_c.obj                         Model: SMALL,         Lang: ANSI-C
rtshc08.o (ansiis.lib)                  Model: SMALL,         Lang: ANSI-C

*********************************************************************************************
STARTUP SECTION
---------------------------------------------------------------------------------------------

*********************************************************************************************
SECTION-ALLOCATION SECTION
Section Name                    Size  Type     From       To       Segment
---------------------------------------------------------------------------------------------
.abs_section_ffda                  2     R     0xFFDA     0xFFDB   .absSeg0
.abs_section_fffa                  2     R     0xFFFA     0xFFFB   .absSeg1
.abs_section_0                     1   N/I        0x0        0x0   .absSeg2
.abs_section_1                     1   N/I        0x1        0x1   .absSeg3
.abs_section_2                     1   N/I        0x2        0x2   .absSeg4
.abs_section_3                     1   N/I        0x3        0x3   .absSeg5
.abs_section_c                     1   N/I        0xC        0xC   .absSeg6
.abs_section_d                     1   N/I        0xD        0xD   .absSeg7
.abs_section_e                     1   N/I        0xE        0xE   .absSeg8
.abs_section_f                     1   N/I        0xF        0xF   .absSeg9
.abs_section_10                    1   N/I       0x10       0x10   .absSeg10
.abs_section_11                    1   N/I       0x11       0x11   .absSeg11
.abs_section_16                    1   N/I       0x16       0x16   .absSeg12
.abs_section_17                    1   N/I       0x17       0x17   .absSeg13
.abs_section_1a                    1   N/I       0x1A       0x1A   .absSeg14
.abs_section_22                    1   N/I       0x22       0x22   .absSeg15
.abs_section_23                    1   N/I       0x23       0x23   .absSeg16
.abs_section_24                    1   N/I       0x24       0x24   .absSeg17
.abs_section_25                    1   N/I       0x25       0x25   .absSeg18
.abs_section_26                    1   N/I       0x26       0x26   .absSeg19
.abs_section_27                    1   N/I       0x27       0x27   .absSeg20
.abs_section_28                    1   N/I       0x28       0x28   .absSeg21
.abs_section_29                    1   N/I       0x29       0x29   .absSeg22
.abs_section_2a                    1   N/I       0x2A       0x2A   .absSeg23
.abs_section_2b                    1   N/I       0x2B       0x2B   .absSeg24
.abs_section_2d                    1   N/I       0x2D       0x2D   .absSeg25
.abs_section_30                    1   N/I       0x30       0x30   .absSeg26
.abs_section_31                    1   N/I       0x31       0x31   .absSeg27
.abs_section_32                    1   N/I       0x32       0x32   .absSeg28
.abs_section_33                    1   N/I       0x33       0x33   .absSeg29
.abs_section_34                    1   N/I       0x34       0x34   .absSeg30
.abs_section_38                    1   N/I       0x38       0x38   .absSeg31
.abs_section_39                    1   N/I       0x39       0x39   .absSeg32
.abs_section_3a                    1   N/I       0x3A       0x3A   .absSeg33
.abs_section_3b                    1   N/I       0x3B       0x3B   .absSeg34
.abs_section_3c                    1   N/I       0x3C       0x3C   .absSeg35
.abs_section_3d                    1   N/I       0x3D       0x3D   .absSeg36
.abs_section_3e                    1   N/I       0x3E       0x3E   .absSeg37
.abs_section_3f                    1   N/I       0x3F       0x3F   .absSeg38
.abs_section_40                    1   N/I       0x40       0x40   .absSeg39
.abs_section_45                    1   N/I       0x45       0x45   .absSeg40
.abs_section_48                    1   N/I       0x48       0x48   .absSeg41
.abs_section_1800                  1   N/I     0x1800     0x1800   .absSeg42
.abs_section_1801                  1   N/I     0x1801     0x1801   .absSeg43
.abs_section_1802                  1   N/I     0x1802     0x1802   .absSeg44
.abs_section_1803                  1   N/I     0x1803     0x1803   .absSeg45
.abs_section_1808                  1   N/I     0x1808     0x1808   .absSeg46
.abs_section_1809                  1   N/I     0x1809     0x1809   .absSeg47
.abs_section_180a                  1   N/I     0x180A     0x180A   .absSeg48
.abs_section_180c                  1   N/I     0x180C     0x180C   .absSeg49
.abs_section_1816                  1   N/I     0x1816     0x1816   .absSeg50
.abs_section_1817                  1   N/I     0x1817     0x1817   .absSeg51
.abs_section_1818                  1   N/I     0x1818     0x1818   .absSeg52
.abs_section_1820                  1   N/I     0x1820     0x1820   .absSeg53
.abs_section_1821                  1   N/I     0x1821     0x1821   .absSeg54
.abs_section_1823                  1   N/I     0x1823     0x1823   .absSeg55
.abs_section_1824                  1   N/I     0x1824     0x1824   .absSeg56
.abs_section_1825                  1   N/I     0x1825     0x1825   .absSeg57
.abs_section_1826                  1   N/I     0x1826     0x1826   .absSeg58
.abs_section_1840                  1   N/I     0x1840     0x1840   .absSeg59
.abs_section_1841                  1   N/I     0x1841     0x1841   .absSeg60
.abs_section_1842                  1   N/I     0x1842     0x1842   .absSeg61
.abs_section_1844                  1   N/I     0x1844     0x1844   .absSeg62
.abs_section_1845                  1   N/I     0x1845     0x1845   .absSeg63
.abs_section_1846                  1   N/I     0x1846     0x1846   .absSeg64
.abs_section_12                    2   N/I       0x12       0x13   .absSeg65
.abs_section_14                    2   N/I       0x14       0x15   .absSeg66
.abs_section_20                    2   N/I       0x20       0x21   .absSeg67
.abs_section_41                    2   N/I       0x41       0x42   .absSeg68
.abs_section_43                    2   N/I       0x43       0x44   .absSeg69
.abs_section_46                    2   N/I       0x46       0x47   .absSeg70
.abs_section_49                    2   N/I       0x49       0x4A   .absSeg71
.abs_section_1806                  2   N/I     0x1806     0x1807   .absSeg72
.abs_section_1810                  2   N/I     0x1810     0x1811   .absSeg73
.abs_section_1812                  2   N/I     0x1812     0x1813   .absSeg74
.abs_section_1814                  2   N/I     0x1814     0x1815   .absSeg75

Summary of section sizes per section type:
READ_ONLY (R):           4 (dec:        4)
NO_INIT (N/I):          55 (dec:       85)

*********************************************************************************************
VECTOR-ALLOCATION SECTION
    Address     InitValue   InitFunction
---------------------------------------------------------------------------------------------

*********************************************************************************************
OBJECT-ALLOCATION SECTION
     Name               Module                 Addr   hSize   dSize     Ref    Section   RLIB
---------------------------------------------------------------------------------------------
MODULE:                 -- asm_main_asm.obj --
- PROCEDURES:
     asm_main                                     0'Error       2       2       0   MyCode      
     retardo                                      0'Error       0       0       0   MyCode      
     rt1                                          0'Error       3       3       0   MyCode      
     rt2                                          0'Error       A      10       0   MyCode      
- VARIABLES:
MODULE:                 -- main_c.obj --
- PROCEDURES:
     main                                         0'Error      6F     111       0   .text       
     Cerrar                                       0'Error       5       5       0   .text       
     Abrir                                        0'Error       5       5       0   .text       
     Stop                                         0'Error       5       5       0   .text       
     Revisar                                      0'Error      1F      31       0   .text       
     tiempo                                       0'Error      1C      28       0   .text       
     retardo1m                                    0'Error       3       3       0   .text       
     ServicioBoton                                0'Error      10      16       0   .text       
     ServicioSensor                               0'Error       9       9       0   .text       
- VARIABLES:
     comando                                      0'Error       2       2       0   .bss        
     Estado                                       0'Error       2       2       0   .bss        
     sensor                                       0'Error       2       2       0   .bss        
     sensor2                                      0'Error       2       2       0   .bss        
     lluA                                         0'Error       4       4       0   .bss        
     lluD                                         0'Error       2       2       0   .bss        
     i                                            0'Error       2       2       0   .bss        
     _Vector_18                                FFDA       2       2       0   .abs_section_ffda
     _Vector_2                                 FFFA       2       2       0   .abs_section_fffa
MODULE:                 -- start08_c.obj --
- PROCEDURES:
     loadByte                                     0'Error       E      14       0   .text       
     Init                                         0'Error      6D     109       0   .text       
     _Startup                                     0'Error       9       9       0   .text       
- VARIABLES:
     _startupData                                 0'Error       6       6       0   _STARTUP    
- LABELS:
     __SEG_END_SSTACK                             0'Error       0       0       0               
MODULE:                 -- mc9s08qg8_c.obj --
- PROCEDURES:
- VARIABLES:
     _PTAD                                        0       1       1       0   .abs_section_0
     _PTADD                                       1       1       1       0   .abs_section_1
     _PTBD                                        2       1       1       0   .abs_section_2
     _PTBDD                                       3       1       1       0   .abs_section_3
     _KBISC                                       C       1       1       0   .abs_section_c
     _KBIPE                                       D       1       1       0   .abs_section_d
     _KBIES                                       E       1       1       0   .abs_section_e
     _IRQSC                                       F       1       1       0   .abs_section_f
     _ADCSC1                                     10       1       1       0   .abs_section_10
     _ADCSC2                                     11       1       1       0   .abs_section_11
     _ADCCFG                                     16       1       1       0   .abs_section_16
     _APCTL1                                     17       1       1       0   .abs_section_17
     _ACMPSC                                     1A       1       1       0   .abs_section_1a
     _SCIC1                                      22       1       1       0   .abs_section_22
     _SCIC2                                      23       1       1       0   .abs_section_23
     _SCIS1                                      24       1       1       0   .abs_section_24
     _SCIS2                                      25       1       1       0   .abs_section_25
     _SCIC3                                      26       1       1       0   .abs_section_26
     _SCID                                       27       1       1       0   .abs_section_27
     _SPIC1                                      28       1       1       0   .abs_section_28
     _SPIC2                                      29       1       1       0   .abs_section_29
     _SPIBR                                      2A       1       1       0   .abs_section_2a
     _SPIS                                       2B       1       1       0   .abs_section_2b
     _SPID                                       2D       1       1       0   .abs_section_2d
     _IICA                                       30       1       1       0   .abs_section_30
     _IICF                                       31       1       1       0   .abs_section_31
     _IICC                                       32       1       1       0   .abs_section_32
     _IICS                                       33       1       1       0   .abs_section_33
     _IICD                                       34       1       1       0   .abs_section_34
     _ICSC1                                      38       1       1       0   .abs_section_38
     _ICSC2                                      39       1       1       0   .abs_section_39
     _ICSTRM                                     3A       1       1       0   .abs_section_3a
     _ICSSC                                      3B       1       1       0   .abs_section_3b
     _MTIMSC                                     3C       1       1       0   .abs_section_3c
     _MTIMCLK                                    3D       1       1       0   .abs_section_3d
     _MTIMCNT                                    3E       1       1       0   .abs_section_3e
     _MTIMMOD                                    3F       1       1       0   .abs_section_3f
     _TPMSC                                      40       1       1       0   .abs_section_40
     _TPMC0SC                                    45       1       1       0   .abs_section_45
     _TPMC1SC                                    48       1       1       0   .abs_section_48
     _SRS                                      1800       1       1       0   .abs_section_1800
     _SBDFR                                    1801       1       1       0   .abs_section_1801
     _SOPT1                                    1802       1       1       0   .abs_section_1802
     _SOPT2                                    1803       1       1       0   .abs_section_1803
     _SRTISC                                   1808       1       1       0   .abs_section_1808
     _SPMSC1                                   1809       1       1       0   .abs_section_1809
     _SPMSC2                                   180A       1       1       0   .abs_section_180a
     _SPMSC3                                   180C       1       1       0   .abs_section_180c
     _DBGC                                     1816       1       1       0   .abs_section_1816
     _DBGT                                     1817       1       1       0   .abs_section_1817
     _DBGS                                     1818       1       1       0   .abs_section_1818
     _FCDIV                                    1820       1       1       0   .abs_section_1820
     _FOPT                                     1821       1       1       0   .abs_section_1821
     _FCNFG                                    1823       1       1       0   .abs_section_1823
     _FPROT                                    1824       1       1       0   .abs_section_1824
     _FSTAT                                    1825       1       1       0   .abs_section_1825
     _FCMD                                     1826       1       1       0   .abs_section_1826
     _PTAPE                                    1840       1       1       0   .abs_section_1840
     _PTASE                                    1841       1       1       0   .abs_section_1841
     _PTADS                                    1842       1       1       0   .abs_section_1842
     _PTBPE                                    1844       1       1       0   .abs_section_1844
     _PTBSE                                    1845       1       1       0   .abs_section_1845
     _PTBDS                                    1846       1       1       0   .abs_section_1846
     _ADCR                                       12       2       2       0   .abs_section_12
     _ADCCV                                      14       2       2       0   .abs_section_14
     _SCIBD                                      20       2       2       0   .abs_section_20
     _TPMCNT                                     41       2       2       0   .abs_section_41
     _TPMMOD                                     43       2       2       0   .abs_section_43
     _TPMC0V                                     46       2       2       0   .abs_section_46
     _TPMC1V                                     49       2       2       0   .abs_section_49
     _SDID                                     1806       2       2       0   .abs_section_1806
     _DBGCA                                    1810       2       2       0   .abs_section_1810
     _DBGCB                                    1812       2       2       0   .abs_section_1812
     _DBGF                                     1814       2       2       0   .abs_section_1814
MODULE:                 -- rtshc08.o (ansiis.lib) --
- PROCEDURES:
     _POP32                                       0'Error      1A      26       0   .text       
- VARIABLES:

*********************************************************************************************
MODULE STATISTIC
  Name                                      Data   Code  Const
---------------------------------------------------------------------------------------------

*********************************************************************************************
SECTION USE IN OBJECT-ALLOCATION SECTION
---------------------------------------------------------------------------------------------

*********************************************************************************************
OBJECT LIST SORTED BY ADDRESS
     Name                                      Addr   hSize   dSize     Ref    Section   RLIB
---------------------------------------------------------------------------------------------

*********************************************************************************************
UNUSED-OBJECTS SECTION
---------------------------------------------------------------------------------------------
NOT USED PROCEDURES
main_c.obj:
  ConfigGPIO 
rtshc08.o (ansiis.lib):
  _PUSH_ARGS_L _PUSH_ARGS_D _ENTER_UNARY_L _ENTER_UNARY_L64 _ENTER_UNARY_L64_4 
  _ENTER_BINARY_L _ENTER_BINARY_L_RC _ENTER_BINARY_L_LC _ENTER_BINARY_L64 
  _ENTER_BINARY_L64_LC _ENTER_BINARY_L64_RC _IDIVMOD _SPLITSIGN 
  _LADD_k_is_k_plus_j _k_is_k_plus_j_l _k_is_k_plus_j_i _LSUB_k_is_k_minus_j 
  _LAND_k_is_k_and_j _LOR_k_is_k_or_j _LXOR_k_is_k_xor_j _LMUL_k_is_k_mul_j 
  _LDIVMOD _NEG_L_HX _ABS_L_HX _SPLITSIGN_L _LMODU_k_is_k_mod_j 
  _LDIVU_k_is_k_div_j _LMODS_k_is_k_mod_j _LDIVS_k_is_k_div_j _LCMP_k_rel_j 
  _CMP24_k_rel_j _BMULS _BDIVS _BMODS _IMUL_STAR08 _IDIVS_STAR08 _IDIVU_STAR08 
  _IMODS_STAR08 _IMODU_STAR08 _IDIVU_8 _IMODU_8 _IASR _ILSR _ILSL _ICMP _LINC 
  _LDEC _LNEG _LNOT _LADD _LADD_RC _LSUB _LSUB_LC _LSUB_RC _LAND _LAND_RC _LOR 
  _LOR_RC _LXOR _LXOR_RC _LMUL _LMUL_RC _LDIVS _LDIVS_LC _LDIVS_RC _LDIVU 
  _LDIVU_LC _LDIVU_RC _LMODS _LMODS_LC _LMODS_RC _LMODU _LMODU_LC _LMODU_RC 
  _LASR _LLSR _LLSL _LCMP _LCMP_RC _PUSH_ARGS_24 _ENTER_BINARY_24_RC 
  _ENTER_BINARY_24 _CMP24 _CMP24_RC _COPY _COPY_L _POP64 _STORE32 _STORE64 
  _SEXT8_32 _SEXT16_32 _CALL_STAR08 _CALL_STAR08_FAR _Jump_Table_Addr 
  _Jump_Table_Offset _Jump_Table_Header_Addr _Jump_Table_Header_Offset 
  _Search_Table_16_Addr _Search_Table_16_Offset _Search_Table_8_Addr 
  _Search_Table_8_Offset _PUSH_CC _POP_CC _CONV_FAR_TO_NEAR _CONV_FAR_TO_LINEAR 
  _CONV_LINEAR_TO_FAR 
NOT USED VARIABLES
asm_main_asm.obj:
  temp_byte 
main_c.obj:
  boton lluvia llu 
rtshc08.o (ansiis.lib):
  _PowOfTwo_8 _PowOfTwo_16 _PowOfTwo_32 errno 

*********************************************************************************************
COPYDOWN SECTION
---------------------------------------------------------------------------------------------

*********************************************************************************************
OBJECT-DEPENDENCIES SECTION
---------------------------------------------------------------------------------------------

*********************************************************************************************
STATISTIC SECTION
---------------------------------------------------------------------------------------------

ExeFile:
--------
Number of blocks to be downloaded: 0
Total size of all blocks to be downloaded: 0

